// Jest Snapshot v1, https://goo.gl/fbAQLP

exports[`<OfferCard /> render correctly renders Offer Card 1`] = `
<article
  className="place-card main__card"
  onMouseOver={[Function]}
>
  <div
    className="place-card__mark"
  >
    <span>
      Premium
    </span>
  </div>
  <div
    className="place-card__image-wrapper main__image-wrapper"
  >
    <a
      href="#"
      onClick={[Function]}
    >
      <img
        alt="Place image"
        className="place-card__image"
        height="200"
        src="mock"
        width="260"
      />
    </a>
  </div>
  <div
    className="place-card__info "
  >
    <div
      className="place-card__price-wrapper"
    >
      <div
        className="place-card__price"
      >
        <b
          className="place-card__price-value"
        >
          €
          22
        </b>
        <span
          className="place-card__price-text"
        >
          / night
        </span>
      </div>
      <a
        href="/login"
        onClick={[Function]}
      >
        <button
          className="place-card__bookmark-button button "
          type="button"
        >
          <svg
            className="place-card__bookmark-icon"
            height="19"
            width="18"
          >
            <use
              xlinkHref="#icon-bookmark"
            />
          </svg>
          <span
            className="visually-hidden"
          >
            To bookmarks
          </span>
        </button>
      </a>
    </div>
    <div
      className="place-card__rating rating"
    >
      <div
        className="place-card__stars rating__stars"
      >
        <span
          style={
            Object {
              "width": "100%",
            }
          }
        />
        <span
          className="visually-hidden"
        >
          Rating
        </span>
      </div>
    </div>
    <h2
      className="place-card__name"
    >
      <a
        href="#"
        onClick={[Function]}
      >
        mock
      </a>
    </h2>
    <p
      className="place-card__type"
    >
      Hotel
    </p>
  </div>
</article>
`;
